Microsoft (R) Macro Assembler Version 5.10                  9/13/23 15:04:10
                                                             Page     1-1


				
				   DOSSEG                                    
				   .MODEL  SMALL                             
				   .STACK  100h                             
				   .DATA                                     
 0000				Greeting  LABEL  BYTE                       
 0000  82 A0 E1 20 AF E0	   DB 'Вас приветствует ст.гр.2381 - Двиков Д.В
				.',13,10,'$'
       A8 A2 A5 E2 E1 E2	
       A2 E3 A5 E2 20 E1	
       E2 2E A3 E0 2E 32	
       33 38 31 20 2D 20	
       84 A2 A8 AA AE A2	
       20 84 2E 82 2E 0D	
       0A 24			
				   .CODE                                
 0000  B8 ---- R		   mov  ax,@data                      
 0003  8E D8			   mov  ds,ax                      
 0005  BA 0000 R		   mov  dx,OFFSET Greeting              
				                                       
 0008				DisplayGreeting:
 0008  B4 09			   mov  ah,9                           
 000A  CD 21			   int  21h                           
 000C  B4 4C			   mov  ah,4ch                          
 000E  CD 21			   int  21h                            
				   END
Microsoft (R) Macro Assembler Version 5.10                  9/13/23 15:04:10
                                                             Symbols-1


Segments and Groups:

                N a m e         	Length	 Align	Combine Class

DGROUP . . . . . . . . . . . . .  	GROUP
  _DATA  . . . . . . . . . . . .  	002C	WORD	PUBLIC	'DATA'
  STACK  . . . . . . . . . . . .  	0100	PARA	STACK	'STACK'
_TEXT  . . . . . . . . . . . . .  	0010	WORD	PUBLIC	'CODE'

Symbols:            

                N a m e         	Type	 Value	 Attr

DISPLAYGREETING  . . . . . . . .  	L NEAR	0008	_TEXT

GREETING . . . . . . . . . . . .  	L BYTE	0000	_DATA

@CODE  . . . . . . . . . . . . .  	TEXT  _TEXT		
@CODESIZE  . . . . . . . . . . .  	TEXT  0		
@CPU . . . . . . . . . . . . . .  	TEXT  0101h		
@DATASIZE  . . . . . . . . . . .  	TEXT  0		
@FILENAME  . . . . . . . . . . .  	TEXT  hello1		
@VERSION . . . . . . . . . . . .  	TEXT  510		


     18 Source  Lines
     18 Total   Lines
     19 Symbols

  47994 + 463361 Bytes symbol space free

      0 Warning Errors
      0 Severe  Errors
